--------------------------------------------------------------------------------------
Timing Analyzer Summary
--------------------------------------------------------------------------------------

Type           : Worst-case tsu
Slack          : N/A
Required Time  : None
Actual Time    : 20.112 ns
From           : din
To             : licheng:u2|twofive[1]
From Clock     : --
To Clock       : clk
Failed Paths   : 0

Type           : Worst-case tco
Slack          : N/A
Required Time  : None
Actual Time    : 10.292 ns
From           : displaydistance:u11|outp[0]
To             : outpdistance[0]
From Clock     : clk
To Clock       : --
Failed Paths   : 0

Type           : Worst-case th
Slack          : N/A
Required Time  : None
Actual Time    : -3.677 ns
From           : key_set
To             : remove_jitter:u23|key_out
From Clock     : --
To Clock       : clk
Failed Paths   : 0

Type           : Clock Setup: 'clk'
Slack          : N/A
Required Time  : None
Actual Time    : 20.06 MHz ( period = 49.840 ns )
From           : or2total:u16|total[5]
To             : separateprice:u17|combb[2]
From Clock     : clk
To Clock       : clk
Failed Paths   : 0

Type           : Clock Hold: 'clk'
Slack          : Not operational: Clock Skew > Data Delay
Required Time  : None
Actual Time    : N/A
From           : unit_price:u15|total_price[12]
To             : or2total:u16|total[12]
From Clock     : clk
To Clock       : clk
Failed Paths   : 454

Type           : Total number of failed paths
Slack          : 
Required Time  : 
Actual Time    : 
From           : 
To             : 
From Clock     : 
To Clock       : 
Failed Paths   : 454

--------------------------------------------------------------------------------------

