--------------------------------------------------------------------------------------
Timing Analyzer Summary
--------------------------------------------------------------------------------------

Type           : Worst-case tsu
Slack          : N/A
Required Time  : None
Actual Time    : 19.597 ns
From           : wheel
To             : licheng:u2|twofive[1]
From Clock     : --
To Clock       : clk
Failed Paths   : 0

Type           : Worst-case tco
Slack          : N/A
Required Time  : None
Actual Time    : 10.810 ns
From           : displayprice:u18|outp[2]
To             : outpprice[2]
From Clock     : clk
To Clock       : --
Failed Paths   : 0

Type           : Worst-case th
Slack          : N/A
Required Time  : None
Actual Time    : 5.296 ns
From           : key_start
To             : state_controller:u12|next_state.beyond_starting_price_123
From Clock     : --
To Clock       : clk
Failed Paths   : 0

Type           : Clock Setup: 'clk'
Slack          : N/A
Required Time  : None
Actual Time    : 21.70 MHz ( period = 46.084 ns )
From           : or2total:u16|total[1]
To             : separateprice:u17|shi[1]
From Clock     : clk
To Clock       : clk
Failed Paths   : 0

Type           : Clock Setup: 'key_start'
Slack          : N/A
Required Time  : None
Actual Time    : 154.97 MHz ( period = 6.453 ns )
From           : or2time:u29|rshtemp[1]
To             : or2time:u29|rsh[1]
From Clock     : key_start
To Clock       : key_start
Failed Paths   : 0

Type           : Clock Hold: 'clk'
Slack          : Not operational: Clock Skew > Data Delay
Required Time  : None
Actual Time    : N/A
From           : unit_price:u15|total_price[2]
To             : or2total:u16|total[2]
From Clock     : clk
To Clock       : clk
Failed Paths   : 443

Type           : Clock Hold: 'key_start'
Slack          : Not operational: Clock Skew > Data Delay
Required Time  : None
Actual Time    : N/A
From           : or2time:u29|vsfentemp[3]
To             : or2time:u29|rsfentemp[3]
From Clock     : key_start
To Clock       : key_start
Failed Paths   : 16

Type           : Total number of failed paths
Slack          : 
Required Time  : 
Actual Time    : 
From           : 
To             : 
From Clock     : 
To Clock       : 
Failed Paths   : 459

--------------------------------------------------------------------------------------

